// Jest Snapshot v1, https://goo.gl/fbAQLP

exports[`Palette renders correctly 1`] = `
<DocumentFragment>
  .c1 {
  background: white;
  border-style: solid;
  border-color: white;
  border-width: 0 1px 1px 0;
  -webkit-transition: -webkit-transform 100ms ease-in-out;
  -webkit-transition: transform 100ms ease-in-out;
  transition: transform 100ms ease-in-out;
  cursor: pointer;
  box-shadow: 1px 1px 5px 0px rgba(0,0,0,0.75);
  border-style: solid;
  border-color: black;
  border-width: 0;
  border-radius: none;
  -webkit-transition: border-radius 50ms ease-in-out;
  transition: border-radius 50ms ease-in-out;
  height: 100%;
}

.c1:hover {
  border-width: 1px;
  -webkit-transform: scale(1.1);
  -ms-transform: scale(1.1);
  transform: scale(1.1);
}

.c1:hover {
  border-width: 0;
  border-radius: none;
}

.c2 {
  background: blue;
  border-style: solid;
  border-color: blue;
  border-width: 0 1px 1px 0;
  -webkit-transition: -webkit-transform 100ms ease-in-out;
  -webkit-transition: transform 100ms ease-in-out;
  transition: transform 100ms ease-in-out;
  cursor: pointer;
  box-shadow: 1px 1px 5px 0px rgba(0,0,0,0.75);
  border-style: solid;
  border-color: black;
  border-width: 0;
  border-radius: none;
  -webkit-transition: border-radius 50ms ease-in-out;
  transition: border-radius 50ms ease-in-out;
  height: 100%;
}

.c2:hover {
  border-width: 1px;
  -webkit-transform: scale(1.1);
  -ms-transform: scale(1.1);
  transform: scale(1.1);
}

.c2:hover {
  border-width: 0;
  border-radius: none;
}

.c3 {
  background: red;
  border-style: solid;
  border-color: red;
  border-width: 0 1px 1px 0;
  -webkit-transition: -webkit-transform 100ms ease-in-out;
  -webkit-transition: transform 100ms ease-in-out;
  transition: transform 100ms ease-in-out;
  cursor: pointer;
  box-shadow: 1px 1px 5px 0px rgba(0,0,0,0.75);
  border-style: solid;
  border-color: black;
  border-width: 0;
  border-radius: 50%;
  -webkit-transition: border-radius 50ms ease-in-out;
  transition: border-radius 50ms ease-in-out;
  height: 100%;
}

.c3:hover {
  border-width: 1px;
  -webkit-transform: scale(1.1);
  -ms-transform: scale(1.1);
  transform: scale(1.1);
}

.c3:hover {
  border-width: 0;
  border-radius: 50%;
}

.c0 {
  display: grid;
  grid-gap: 2px;
  grid-template-columns: repeat(3,20px);
  grid-auto-rows: 20px;
  -webkit-align-self: start;
  -ms-flex-item-align: start;
  align-self: start;
  background: #c2c2d1;
  padding: 0.25rem;
}

<div
    class="c0"
  >
    <div
      class="c1"
      data-testid="palette-cell"
    />
    <div
      class="c2"
      data-testid="palette-cell"
    />
    <div
      class="c3"
      data-testid="palette-cell"
    />
  </div>
</DocumentFragment>
`;
